Defaulting to user installation because normal site-packages is not writeable
Requirement already satisfied: dotenv in /home/newuser/.local/lib/python3.11/site-packages (from -r requirements.txt (line 1)) (0.9.9)
Requirement already satisfied: dnspython in /home/newuser/.local/lib/python3.11/site-packages (from -r requirements.txt (line 2)) (2.8.0)
Requirement already satisfied: pymongo in /home/newuser/.local/lib/python3.11/site-packages (from -r requirements.txt (line 4)) (4.16.0)
Requirement already satisfied: telethon in /home/newuser/.local/lib/python3.11/site-packages (from -r requirements.txt (line 5)) (1.42.0)
Requirement already satisfied: python-telegram-bot[job-queue] in /home/newuser/.local/lib/python3.11/site-packages (from -r requirements.txt (line 3)) (22.6)
Requirement already satisfied: python-dotenv in /home/newuser/.local/lib/python3.11/site-packages (from dotenv->-r requirements.txt (line 1)) (1.2.1)
Requirement already satisfied: httpx<0.29,>=0.27 in /home/newuser/.local/lib/python3.11/site-packages (from python-telegram-bot[job-queue]->-r requirements.txt (line 3)) (0.28.1)
Requirement already satisfied: apscheduler<3.12.0,>=3.10.4 in /home/newuser/.local/lib/python3.11/site-packages (from python-telegram-bot[job-queue]->-r requirements.txt (line 3)) (3.11.2)
Requirement already satisfied: pyaes in /home/newuser/.local/lib/python3.11/site-packages (from telethon->-r requirements.txt (line 5)) (1.6.1)
Requirement already satisfied: rsa in /home/newuser/.local/lib/python3.11/site-packages (from telethon->-r requirements.txt (line 5)) (4.9.1)
Requirement already satisfied: tzlocal>=3.0 in /home/newuser/.local/lib/python3.11/site-packages (from apscheduler<3.12.0,>=3.10.4->python-telegram-bot[job-queue]->-r requirements.txt (line 3)) (5.3.1)
Requirement already satisfied: anyio in /home/newuser/.local/lib/python3.11/site-packages (from httpx<0.29,>=0.27->python-telegram-bot[job-queue]->-r requirements.txt (line 3)) (4.12.1)
Requirement already satisfied: certifi in /home/newuser/.local/lib/python3.11/site-packages (from httpx<0.29,>=0.27->python-telegram-bot[job-queue]->-r requirements.txt (line 3)) (2026.1.4)
Requirement already satisfied: httpcore==1.* in /home/newuser/.local/lib/python3.11/site-packages (from httpx<0.29,>=0.27->python-telegram-bot[job-queue]->-r requirements.txt (line 3)) (1.0.9)
Requirement already satisfied: idna in /home/newuser/.local/lib/python3.11/site-packages (from httpx<0.29,>=0.27->python-telegram-bot[job-queue]->-r requirements.txt (line 3)) (3.11)
Requirement already satisfied: h11>=0.16 in /home/newuser/.local/lib/python3.11/site-packages (from httpcore==1.*->httpx<0.29,>=0.27->python-telegram-bot[job-queue]->-r requirements.txt (line 3)) (0.16.0)
Requirement already satisfied: pyasn1>=0.1.3 in /home/newuser/.local/lib/python3.11/site-packages (from rsa->telethon->-r requirements.txt (line 5)) (0.6.2)
Requirement already satisfied: typing_extensions>=4.5 in /home/newuser/.local/lib/python3.11/site-packages (from anyio->httpx<0.29,>=0.27->python-telegram-bot[job-queue]->-r requirements.txt (line 3)) (4.15.0)

[notice] A new release of pip is available: 24.0 -> 26.0.1
[notice] To update, run: pip install --upgrade pip
