✅ Connected to MongoDB Atlas successfully.
Database connection warning: Index option direction in command createIndexes either does not exist or is disallowed in this Atlas tier, full error: {'ok': 0, 'errmsg': 'Index option direction in command createIndexes either does not exist or is disallowed in this Atlas tier', 'code': 8000, 'codeName': 'AtlasError'}
2026-02-16 03:29:49,580 - apscheduler.scheduler - INFO - Adding job tentatively -- it will be properly scheduled when the scheduler starts
🏴‍☠️ Pirate Bot is sailing with Marine Security Active!...
2026-02-16 03:29:49,638 - httpx - INFO - HTTP Request: POST https://api.telegram.org/bot8308955773:AAHRa238qrLCJPcbBvgrSJk3EPqbiGsPsAI/getMe "HTTP/1.1 200 OK"
2026-02-16 03:29:49,857 - httpx - INFO - HTTP Request: POST https://api.telegram.org/bot8308955773:AAHRa238qrLCJPcbBvgrSJk3EPqbiGsPsAI/setMyCommands "HTTP/1.1 200 OK"
2026-02-16 03:29:49,873 - httpx - INFO - HTTP Request: POST https://api.telegram.org/bot8308955773:AAHRa238qrLCJPcbBvgrSJk3EPqbiGsPsAI/deleteWebhook "HTTP/1.1 200 OK"
2026-02-16 03:29:49,878 - apscheduler.scheduler - INFO - Added job "auto_detector_job" to job store "default"
2026-02-16 03:29:49,878 - apscheduler.scheduler - INFO - Scheduler started
2026-02-16 03:29:49,878 - telegram.ext.Application - INFO - Application started
2026-02-16 03:29:49,926 - httpx - INFO - HTTP Request: POST https://api.telegram.org/bot8308955773:AAHRa238qrLCJPcbBvgrSJk3EPqbiGsPsAI/getUpdates "HTTP/1.1 200 OK"
2026-02-16 03:29:50,358 - httpx - INFO - HTTP Request: POST https://api.telegram.org/bot8308955773:AAHRa238qrLCJPcbBvgrSJk3EPqbiGsPsAI/sendPhoto "HTTP/1.1 200 OK"
2026-02-16 03:29:50,674 - httpx - INFO - HTTP Request: POST https://api.telegram.org/bot8308955773:AAHRa238qrLCJPcbBvgrSJk3EPqbiGsPsAI/sendMessage "HTTP/1.1 200 OK"
2026-02-16 03:29:50,881 - httpx - INFO - HTTP Request: POST https://api.telegram.org/bot8308955773:AAHRa238qrLCJPcbBvgrSJk3EPqbiGsPsAI/sendMessage "HTTP/1.1 200 OK"
2026-02-16 03:29:51,087 - httpx - INFO - HTTP Request: POST https://api.telegram.org/bot8308955773:AAHRa238qrLCJPcbBvgrSJk3EPqbiGsPsAI/sendMessage "HTTP/1.1 200 OK"
2026-02-16 03:29:51,311 - httpx - INFO - HTTP Request: POST https://api.telegram.org/bot8308955773:AAHRa238qrLCJPcbBvgrSJk3EPqbiGsPsAI/sendMessage "HTTP/1.1 200 OK"
2026-02-16 03:29:51,513 - httpx - INFO - HTTP Request: POST https://api.telegram.org/bot8308955773:AAHRa238qrLCJPcbBvgrSJk3EPqbiGsPsAI/sendMessage "HTTP/1.1 200 OK"
2026-02-16 03:29:51,717 - httpx - INFO - HTTP Request: POST https://api.telegram.org/bot8308955773:AAHRa238qrLCJPcbBvgrSJk3EPqbiGsPsAI/sendMessage "HTTP/1.1 200 OK"
2026-02-16 03:29:51,922 - httpx - INFO - HTTP Request: POST https://api.telegram.org/bot8308955773:AAHRa238qrLCJPcbBvgrSJk3EPqbiGsPsAI/sendMessage "HTTP/1.1 200 OK"
2026-02-16 03:29:52,125 - httpx - INFO - HTTP Request: POST https://api.telegram.org/bot8308955773:AAHRa238qrLCJPcbBvgrSJk3EPqbiGsPsAI/sendMessage "HTTP/1.1 200 OK"
2026-02-16 03:29:52,329 - httpx - INFO - HTTP Request: POST https://api.telegram.org/bot8308955773:AAHRa238qrLCJPcbBvgrSJk3EPqbiGsPsAI/sendMessage "HTTP/1.1 200 OK"
2026-02-16 03:29:52,586 - httpx - INFO - HTTP Request: POST https://api.telegram.org/bot8308955773:AAHRa238qrLCJPcbBvgrSJk3EPqbiGsPsAI/sendPhoto "HTTP/1.1 200 OK"
2026-02-16 03:29:59,583 - apscheduler.executors.default - INFO - Running job "auto_detector_job (trigger: interval[0:15:00], next run at: 2026-02-16 03:44:59 UTC)" (scheduled at 2026-02-16 03:29:59.578548+00:00)
2026-02-16 03:29:59,583 - apscheduler.executors.default - INFO - Job "auto_detector_job (trigger: interval[0:15:00], next run at: 2026-02-16 03:44:59 UTC)" executed successfully
2026-02-16 03:30:00,163 - httpx - INFO - HTTP Request: POST https://api.telegram.org/bot8308955773:AAHRa238qrLCJPcbBvgrSJk3EPqbiGsPsAI/getUpdates "HTTP/1.1 200 OK"
2026-02-16 03:30:10,180 - httpx - INFO - HTTP Request: POST https://api.telegram.org/bot8308955773:AAHRa238qrLCJPcbBvgrSJk3EPqbiGsPsAI/getUpdates "HTTP/1.1 200 OK"
2026-02-16 03:30:20,198 - httpx - INFO - HTTP Request: POST https://api.telegram.org/bot8308955773:AAHRa238qrLCJPcbBvgrSJk3EPqbiGsPsAI/getUpdates "HTTP/1.1 200 OK"
2026-02-16 03:30:30,215 - httpx - INFO - HTTP Request: POST https://api.telegram.org/bot8308955773:AAHRa238qrLCJPcbBvgrSJk3EPqbiGsPsAI/getUpdates "HTTP/1.1 200 OK"
2026-02-16 03:30:35,155 - httpx - INFO - HTTP Request: POST https://api.telegram.org/bot8308955773:AAHRa238qrLCJPcbBvgrSJk3EPqbiGsPsAI/getUpdates "HTTP/1.1 200 OK"
2026-02-16 03:30:35,621 - httpx - INFO - HTTP Request: POST https://api.telegram.org/bot8308955773:AAHRa238qrLCJPcbBvgrSJk3EPqbiGsPsAI/sendPhoto "HTTP/1.1 200 OK"
2026-02-16 03:30:40,151 - httpx - INFO - HTTP Request: POST https://api.telegram.org/bot8308955773:AAHRa238qrLCJPcbBvgrSJk3EPqbiGsPsAI/getUpdates "HTTP/1.1 200 OK"
2026-02-16 03:30:40,171 - httpx - INFO - HTTP Request: POST https://api.telegram.org/bot8308955773:AAHRa238qrLCJPcbBvgrSJk3EPqbiGsPsAI/editMessageText "HTTP/1.1 400 Bad Request"
2026-02-16 03:30:40,368 - httpx - INFO - HTTP Request: POST https://api.telegram.org/bot8308955773:AAHRa238qrLCJPcbBvgrSJk3EPqbiGsPsAI/editMessageCaption "HTTP/1.1 200 OK"
2026-02-16 03:30:42,896 - httpx - INFO - HTTP Request: POST https://api.telegram.org/bot8308955773:AAHRa238qrLCJPcbBvgrSJk3EPqbiGsPsAI/getUpdates "HTTP/1.1 200 OK"
2026-02-16 03:30:43,090 - httpx - INFO - HTTP Request: POST https://api.telegram.org/bot8308955773:AAHRa238qrLCJPcbBvgrSJk3EPqbiGsPsAI/answerCallbackQuery "HTTP/1.1 200 OK"
2026-02-16 03:30:43,512 - httpx - INFO - HTTP Request: POST https://api.telegram.org/bot8308955773:AAHRa238qrLCJPcbBvgrSJk3EPqbiGsPsAI/editMessageCaption "HTTP/1.1 200 OK"
2026-02-16 03:30:46,084 - httpx - INFO - HTTP Request: POST https://api.telegram.org/bot8308955773:AAHRa238qrLCJPcbBvgrSJk3EPqbiGsPsAI/getUpdates "HTTP/1.1 200 OK"
2026-02-16 03:30:46,309 - httpx - INFO - HTTP Request: POST https://api.telegram.org/bot8308955773:AAHRa238qrLCJPcbBvgrSJk3EPqbiGsPsAI/sendPhoto "HTTP/1.1 200 OK"
2026-02-16 03:30:48,586 - httpx - INFO - HTTP Request: POST https://api.telegram.org/bot8308955773:AAHRa238qrLCJPcbBvgrSJk3EPqbiGsPsAI/getUpdates "HTTP/1.1 200 OK"
2026-02-16 03:30:48,607 - httpx - INFO - HTTP Request: POST https://api.telegram.org/bot8308955773:AAHRa238qrLCJPcbBvgrSJk3EPqbiGsPsAI/editMessageText "HTTP/1.1 400 Bad Request"
2026-02-16 03:30:48,813 - httpx - INFO - HTTP Request: POST https://api.telegram.org/bot8308955773:AAHRa238qrLCJPcbBvgrSJk3EPqbiGsPsAI/editMessageCaption "HTTP/1.1 200 OK"
2026-02-16 03:30:51,344 - httpx - INFO - HTTP Request: POST https://api.telegram.org/bot8308955773:AAHRa238qrLCJPcbBvgrSJk3EPqbiGsPsAI/getUpdates "HTTP/1.1 200 OK"
2026-02-16 03:30:51,531 - httpx - INFO - HTTP Request: POST https://api.telegram.org/bot8308955773:AAHRa238qrLCJPcbBvgrSJk3EPqbiGsPsAI/answerCallbackQuery "HTTP/1.1 200 OK"
2026-02-16 03:30:51,953 - httpx - INFO - HTTP Request: POST https://api.telegram.org/bot8308955773:AAHRa238qrLCJPcbBvgrSJk3EPqbiGsPsAI/editMessageCaption "HTTP/1.1 200 OK"
2026-02-16 03:30:54,568 - httpx - INFO - HTTP Request: POST https://api.telegram.org/bot8308955773:AAHRa238qrLCJPcbBvgrSJk3EPqbiGsPsAI/getUpdates "HTTP/1.1 200 OK"
2026-02-16 03:30:54,785 - httpx - INFO - HTTP Request: POST https://api.telegram.org/bot8308955773:AAHRa238qrLCJPcbBvgrSJk3EPqbiGsPsAI/sendPhoto "HTTP/1.1 200 OK"
2026-02-16 03:30:57,055 - httpx - INFO - HTTP Request: POST https://api.telegram.org/bot8308955773:AAHRa238qrLCJPcbBvgrSJk3EPqbiGsPsAI/getUpdates "HTTP/1.1 200 OK"
2026-02-16 03:30:57,074 - httpx - INFO - HTTP Request: POST https://api.telegram.org/bot8308955773:AAHRa238qrLCJPcbBvgrSJk3EPqbiGsPsAI/editMessageText "HTTP/1.1 400 Bad Request"
2026-02-16 03:30:57,280 - httpx - INFO - HTTP Request: POST https://api.telegram.org/bot8308955773:AAHRa238qrLCJPcbBvgrSJk3EPqbiGsPsAI/editMessageCaption "HTTP/1.1 200 OK"
2026-02-16 03:30:59,804 - httpx - INFO - HTTP Request: POST https://api.telegram.org/bot8308955773:AAHRa238qrLCJPcbBvgrSJk3EPqbiGsPsAI/getUpdates "HTTP/1.1 200 OK"
2026-02-16 03:30:59,992 - httpx - INFO - HTTP Request: POST https://api.telegram.org/bot8308955773:AAHRa238qrLCJPcbBvgrSJk3EPqbiGsPsAI/answerCallbackQuery "HTTP/1.1 200 OK"
2026-02-16 03:31:00,427 - httpx - INFO - HTTP Request: POST https://api.telegram.org/bot8308955773:AAHRa238qrLCJPcbBvgrSJk3EPqbiGsPsAI/editMessageCaption "HTTP/1.1 200 OK"
2026-02-16 03:31:02,984 - httpx - INFO - HTTP Request: POST https://api.telegram.org/bot8308955773:AAHRa238qrLCJPcbBvgrSJk3EPqbiGsPsAI/getUpdates "HTTP/1.1 200 OK"
2026-02-16 03:31:03,211 - httpx - INFO - HTTP Request: POST https://api.telegram.org/bot8308955773:AAHRa238qrLCJPcbBvgrSJk3EPqbiGsPsAI/sendPhoto "HTTP/1.1 200 OK"
2026-02-16 03:31:05,482 - httpx - INFO - HTTP Request: POST https://api.telegram.org/bot8308955773:AAHRa238qrLCJPcbBvgrSJk3EPqbiGsPsAI/getUpdates "HTTP/1.1 200 OK"
2026-02-16 03:31:05,500 - httpx - INFO - HTTP Request: POST https://api.telegram.org/bot8308955773:AAHRa238qrLCJPcbBvgrSJk3EPqbiGsPsAI/editMessageText "HTTP/1.1 400 Bad Request"
2026-02-16 03:31:05,704 - httpx - INFO - HTTP Request: POST https://api.telegram.org/bot8308955773:AAHRa238qrLCJPcbBvgrSJk3EPqbiGsPsAI/editMessageCaption "HTTP/1.1 200 OK"
2026-02-16 03:31:08,240 - httpx - INFO - HTTP Request: POST https://api.telegram.org/bot8308955773:AAHRa238qrLCJPcbBvgrSJk3EPqbiGsPsAI/getUpdates "HTTP/1.1 200 OK"
2026-02-16 03:31:08,431 - httpx - INFO - HTTP Request: POST https://api.telegram.org/bot8308955773:AAHRa238qrLCJPcbBvgrSJk3EPqbiGsPsAI/answerCallbackQuery "HTTP/1.1 200 OK"
