🚀 Pirate Bot Client Starting...
Please enter your phone (or bot token): Traceback (most recent call last):
  File "/app/bot_lab/7708811819/pirate.py", line 81, in <module>
    asyncio.run(main())
  File "/usr/local/lib/python3.11/asyncio/runners.py", line 190, in run
    return runner.run(main)
           ^^^^^^^^^^^^^^^^
  File "/usr/local/lib/python3.11/asyncio/runners.py", line 118, in run
    return self._loop.run_until_complete(task)
           ^^^^^^^^^^^^^^^^^^^^^^^^^^^^^^^^^^^
  File "/usr/local/lib/python3.11/asyncio/base_events.py", line 654, in run_until_complete
    return future.result()
           ^^^^^^^^^^^^^^^
  File "/app/bot_lab/7708811819/pirate.py", line 76, in main
    await client.start()
  File "/home/newuser/.local/lib/python3.11/site-packages/telethon/client/auth.py", line 167, in _start
    value = phone()
            ^^^^^^^
  File "/home/newuser/.local/lib/python3.11/site-packages/telethon/client/auth.py", line 22, in <lambda>
    phone: typing.Union[typing.Callable[[], str], str] = lambda: input('Please enter your phone (or bot token): '),
                                                                 ^^^^^^^^^^^^^^^^^^^^^^^^^^^^^^^^^^^^^^^^^^^^^^^^^
EOFError: EOF when reading a line
